
[7m[1m[36m RUN [39m[22m[27m [36mv1.6.1[39m [90mC:/Users/jan/Documents/Visual Studio Code/Asset Management/frontend[39m

 [32mÔ£ô[39m src/components/entityPickerUtils.test.ts[2m > [22mEntityPickerResult type requires id and label fields
 [32mÔ£ô[39m src/components/entityPickerUtils.test.ts[2m > [22mEntityPickerResult accepts displayId format labels
 [32mÔ£ô[39m src/components/entityPickerUtils.test.ts[2m > [22mEntityPickerResult accepts simple name labels
 [32mÔ£ô[39m src/components/entityPickerUtils.test.ts[2m > [22mEntityType includes all required entity types for picker
 [32mÔ£ô[39m src/components/entityPickerUtils.test.ts[2m > [22mEntityType has exactly 7 supported entity types
 [32mÔ£ô[39m src/components/entityPickerUtils.test.ts[2m > [22mmaps entity objects to picker result format
 [32mÔ£ô[39m src/components/entityPickerUtils.test.ts[2m > [22mhandles pagination metadata
 [32mÔ£ô[39m src/components/entityPickerUtils.test.ts[2m > [22mhandles empty results
 [32mÔ£ô[39m src/components/RiskDetail.test.ts[2m > [22mRiskDetail defines all required tabs for risk detail page
 [32mÔ£ô[39m src/components/RiskDetail.test.ts[2m > [22mRiskDetail has overview as the default active tab
 [32mÔ£ô[39m src/components/RiskDetail.test.ts[2m > [22mRiskDetail defines route /risks/:riskId in App.tsx
 [32mÔ£ô[39m src/components/RiskDetail.test.ts[2m > [22mconverts securityRequirements from JSON textarea to structured list
 [32mÔ£ô[39m src/components/RiskDetail.test.ts[2m > [22mserializes structured requirements back to API format
 [32mÔ£ô[39m src/components/RiskDetail.test.ts[2m > [22mhandles empty security requirements
 [32mÔ£ô[39m src/components/RiskDetail.test.ts[2m > [22mEntityPicker maps fields to correct entity types
 [32mÔ£ô[39m src/components/RiskDetail.test.ts[2m > [22mEntityPicker serializes values as ID arrays for API
 [32mÔ£ô[39m src/pages/CostPlanning.test.tsx[2m > [22mCost planning manual procurement flow[2m > [22mkeeps the add button wired to a visible submission handler
 [32mÔ£ô[39m src/pages/CostPlanning.test.tsx[2m > [22mCost planning manual procurement flow[2m > [22msupports persisted supplier lookup and inline creation before submitting the procurement item
 [32mÔ£ô[39m src/pages/CostPlanning.test.tsx[2m > [22mCost planning candidate bulk selection[2m > [22mselects only selectable visible candidates and exposes the accessible select-all state
 [32mÔ£ô[39m src/utils/statusHelpers.test.ts[2m > [22mgetRiskColor[2m > [22mreturns red for very_high
 [32mÔ£ô[39m src/utils/statusHelpers.test.ts[2m > [22mgetRiskColor[2m > [22mreturns orange for high
 [32mÔ£ô[39m src/utils/statusHelpers.test.ts[2m > [22mgetRiskColor[2m > [22mreturns yellow for medium
 [32mÔ£ô[39m src/utils/statusHelpers.test.ts[2m > [22mgetRiskColor[2m > [22mreturns green for low
 [32mÔ£ô[39m src/utils/statusHelpers.test.ts[2m > [22mgetRiskColor[2m > [22mreturns gray for unknown values
 [32mÔ£ô[39m src/utils/statusHelpers.test.ts[2m > [22mgetRiskColor[2m > [22mhandles case-insensitive input
 [32mÔ£ô[39m src/utils/statusHelpers.test.ts[2m > [22mgetControlStatusColor[2m > [22mreturns green for implemented
 [32mÔ£ô[39m src/utils/statusHelpers.test.ts[2m > [22mgetControlStatusColor[2m > [22mreturns blue for planned
 [32mÔ£ô[39m src/utils/statusHelpers.test.ts[2m > [22mgetControlStatusColor[2m > [22mreturns yellow for in_progress
 [32mÔ£ô[39m src/utils/statusHelpers.test.ts[2m > [22mgetControlStatusColor[2m > [22mreturns purple for under_review
 [32mÔ£ô[39m src/utils/statusHelpers.test.ts[2m > [22mgetControlStatusColor[2m > [22mreturns gray for unknown values
 [32mÔ£ô[39m src/utils/statusHelpers.test.ts[2m > [22mgetStatusColor auto-detection[2m > [22mdetects control status from known values
 [32mÔ£ô[39m src/utils/statusHelpers.test.ts[2m > [22mgetStatusColor auto-detection[2m > [22mdefaults to risk color for non-control values
 [32mÔ£ô[39m src/utils/statusHelpers.test.ts[2m > [22mgetStatusColor auto-detection[2m > [22mrespects explicit type parameter
 [32mÔ£ô[39m src/utils/statusHelpers.test.ts[2m > [22mgetErrorMessage[2m > [22mreturns undefined for null
 [32mÔ£ô[39m src/utils/statusHelpers.test.ts[2m > [22mgetErrorMessage[2m > [22mreturns undefined for non-object types
 [32mÔ£ô[39m src/utils/statusHelpers.test.ts[2m > [22mgetErrorMessage[2m > [22mextracts message from axios-like error
 [32mÔ£ô[39m src/utils/statusHelpers.test.ts[2m > [22mgetErrorMessage[2m > [22mreturns undefined when no response structure
 [32mÔ£ô[39m src/pages/riskControlWorkflow.utils.test.ts[2m > [22mrenders existing RiskControls from assessment effectiveness and not implementationStatus
 [32mÔ£ô[39m src/pages/riskControlWorkflow.utils.test.ts[2m > [22mlabels implemented but not assessed controls as not assessed
 [32mÔ£ô[39m src/pages/riskControlWorkflow.utils.test.ts[2m > [22mkeeps TreatmentAction display separate from RiskControls
 [32mÔ£ô[39m src/pages/riskControlWorkflow.utils.test.ts[2m > [22mrenders ControlImplementation linked risks with latest assessment labels
 [32mÔ£ô[39m src/services/phase5-api-bugs.test.ts[2m > [22mPhase 5 API bug fixes use organization unit endpoint for organization picker API
 [32mÔ£ô[39m src/services/phase5-api-bugs.test.ts[2m > [22mPhase 5 API bug fixes keep user search API separate from organization unit API
 [32mÔ£ô[39m src/locales/localeKeys.test.ts[2m > [22mrisk list locale keys resolve to translated strings
 [32mÔ£ô[39m src/locales/localeKeys.test.ts[2m > [22mcommon.all filter label exists in both locales
 [32mÔ£ô[39m src/locales/localeKeys.test.ts[2m > [22mcommon.allStatuses filter label exists in both locales
 [32mÔ£ô[39m src/locales/localeKeys.test.ts[2m > [22mshared history locale keys resolve in both locales
 [32mÔ£ô[39m src/locales/localeKeys.test.ts[2m > [22mdatabase admin locale keys resolve in both locales
 [32mÔ£ô[39m src/locales/localeKeys.test.ts[2m > [22moperations and administration locale catalogs remain complete in both locales
 [32mÔ£ô[39m src/services/api.test.ts[2m > [22mapi refresh interceptor retries after successful refresh exactly once and shares concurrent refresh
 [32mÔ£ô[39m src/services/api.test.ts[2m > [22mauthApi.refresh and 401 interceptor share the same refresh request
 [32mÔ£ô[39m src/services/api.test.ts[2m > [22mphase 6 API client methods accept shared DTO contract types for target resources
 [32mÔ£ô[39m src/services/api.test.ts[2m > [22moperations API exposes typed lifecycle endpoints without generic JSON form contracts
 [32mÔ£ô[39m src/services/api.test.ts[2m > [22msupplier API uses dedicated workflow endpoints without raw relationship IDs in UI callers
 [32mÔ£ô[39m src/services/api.test.ts[2m > [22mactionCenterApi sends typed filters to the server-side Action Center endpoint
 [32mÔ£ô[39m src/services/api.test.ts[2m > [22mintegration API clients use backend-mounted admin integration routes
 [32mÔ£ô[39m src/store/auth.test.ts[2m > [22mcheckAuth skips refresh when an authenticated in-memory session already exists
 [32mÔ£ô[39m src/store/auth.test.ts[2m > [22mcheckAuth shares concurrent refresh work to avoid refresh-token reuse
 [32mÔ£ô[39m src/services/api.test.ts[2m > [22madmin database API client uses protected database endpoints with multipart import
 [32mÔ£ô[39m src/services/api.test.ts[2m > [22mincidentApi.history calls correct endpoint with optional filters
 [32mÔ£ô[39m src/services/api.test.ts[2m > [22mincidentApi.history without params uses defaults
 [32mÔ£ô[39m src/services/api.test.ts[2m > [22mincidentApi exposes the deadline recalculation endpoint used by incident detail
 [32mÔ£ô[39m src/services/api.test.ts[2m > [22mnis2Api exposes typed read endpoints and guided workflow requests
 [32mÔ£ô[39m src/services/api.test.ts[2m > [22mactionCenterApi sends typed filters to the server-side Action Center endpoint
 [32mÔ£ô[39m src/pages/OperationsWorkspace.test.ts[2m > [22mOperations workspace optional number serialization[2m > [22mpreserves zero while omitting only absent or empty optional numeric fields
 [32mÔ£ô[39m src/pages/OperationsWorkspace.test.ts[2m > [22mOperations workspace optional number serialization[2m > [22muses optional number serialization for score and every metric threshold
 [32mÔ£ô[39m src/pages/workflowUx.test.ts[2m > [22mworkflow UX helpers[2m > [22muses the workflow definition entity type for the entity picker
 [32mÔ£ô[39m src/pages/workflowUx.test.ts[2m > [22mworkflow UX helpers[2m > [22mprefers a workflow action label and humanizes unlabeled internal keys
 [32mÔ£ô[39m src/pages/ismsPhase6Routing.test.ts[2m > [22mroutes auditPlans to a guided workflow
 [32mÔ£ô[39m src/pages/ismsPhase6Routing.test.ts[2m > [22mroutes correctiveActions to a guided workflow
 [32mÔ£ô[39m src/pages/ismsPhase6Routing.test.ts[2m > [22mroutes trainingAssignments to a guided workflow
 [32mÔ£ô[39m src/pages/ismsPhase6Routing.test.ts[2m > [22mroutes metricDefinitions to a guided workflow
 [32mÔ£ô[39m src/pages/ismsPhase6Routing.test.ts[2m > [22mroutes managementReviews to a guided workflow
 [32mÔ£ô[39m src/pages/ismsPhase6Routing.test.ts[2m > [22mroutes workflowInstances to a guided workflow
 [32mÔ£ô[39m src/pages/ismsPhase6Routing.test.ts[2m > [22mroutes reportRuns to a guided workflow
 [32mÔ£ô[39m src/pages/ismsPhase6Routing.test.ts[2m > [22mkeeps supplier and BCM legacy listings read-only
 [32mÔ£ô[39m src/pages/ActionCenter.test.tsx[2m > [22mAction Center exposes every Phase-6 source type supported by the API with its explicit label
 [32mÔ£ô[39m src/components/AssetGraph.test.tsx[2m > [22mensureFocusAssetNode[2m > [22madds the focused asset as a fallback node when the graph is empty
 [32mÔ£ô[39m src/components/AssetGraph.test.tsx[2m > [22mensureFocusAssetNode[2m > [22muses selected asset details for the fallback node when provided
 [32mÔ£ô[39m src/components/AssetGraph.test.tsx[2m > [22mensureFocusAssetNode[2m > [22mnormalizes a mismatched fallback node id to the focused asset id
 [32mÔ£ô[39m src/components/AssetGraph.test.tsx[2m > [22mensureFocusAssetNode[2m > [22mpreserves existing graph nodes when the focused asset is already present
 [32mÔ£ô[39m src/components/AssetGraph.test.tsx[2m > [22mextractGraphPayload[2m > [22mreads direct graph API payloads
 [32mÔ£ô[39m src/components/AssetGraph.test.tsx[2m > [22mextractGraphPayload[2m > [22munwraps standardized graph API payloads
 [32mÔ£ô[39m src/components/AssetGraph.test.tsx[2m > [22mextractGraphPayload[2m > [22munwraps the nested axios plus standardized API response shape used by assetApi.getGraph
 [32mÔ£ô[39m src/components/AssetGraph.test.tsx[2m > [22mfilterGraphForVisibleNodes[2m > [22mhides second-hop and disconnected nodes at max depth 1 even when the response contains them
 [32mÔ£ô[39m src/components/AssetGraph.test.tsx[2m > [22mfilterGraphForVisibleNodes[2m > [22mapplies only-critical filtering to non-focus nodes while keeping the focus node visible
 [32mÔ£ô[39m src/components/AssetGraph.test.tsx[2m > [22mfilterGraphForVisibleNodes[2m > [22mapplies minimum high filtering to include critical and high non-focus nodes only
 [32mÔ£ô[39m src/components/AssetGraph.test.tsx[2m > [22mfilterGraphForVisibleNodes[2m > [22mapplies minimum medium filtering to include critical, high, and medium non-focus nodes
 [32mÔ£ô[39m src/components/AssetGraph.test.tsx[2m > [22mfilterGraphForVisibleNodes[2m > [22mrenders only edges whose endpoints remain visible after criticality filtering
 [32mÔ£ô[39m src/components/AssetGraph.test.tsx[2m > [22mgraph edge endpoint normalization[2m > [22mprefers canonical sourceId/targetId over ambiguous source/target labels
 [32mÔ£ô[39m src/components/AssetGraph.test.tsx[2m > [22mgraph edge endpoint normalization[2m > [22mmaps display-name endpoints back to node ids so returned dependencies remain drawable
 [32mÔ£ô[39m src/components/AssetGraph.test.tsx[2m > [22mgraph edge endpoint normalization[2m > [22mbuilds a dependency fallback graph when the graph endpoint fails instead of showing only the focus asset
 [32mÔ£ô[39m src/components/AssetGraph.test.tsx[2m > [22mgraph edge endpoint normalization[2m > [22mconstructs visual fallback connectors when dependency nodes exist but drawable edges are missing
 [32mÔ£ô[39m src/components/AssetGraph.test.tsx[2m > [22mgraph edge endpoint normalization[2m > [22mkeeps dependency node positions within the initial graph viewbox
 [32mÔ£ô[39m src/components/AssetGraph.test.tsx[2m > [22mgraph edge endpoint normalization[2m > [22mpositions card-style dependency nodes without overlapping in the initial graph viewbox
 [32mÔ£ô[39m src/components/AssetGraph.test.tsx[2m > [22mgraph edge endpoint normalization[2m > [22msizes card bounds from variable-width labels and avoids overlap for bottom-row neutral assets
 [32mÔ£ô[39m src/components/AssetGraph.test.tsx[2m > [22mgraph edge endpoint normalization[2m > [22mplaces side-connector arrow endpoints outside the target card boundary
 [32mÔ£ô[39m src/components/AssetGraph.test.tsx[2m > [22mgraph edge endpoint normalization[2m > [22mprevents card overlaps for a Helio-like graph with variable-width related nodes
 [32mÔ£ô[39m src/components/AssetGraph.test.tsx[2m > [22mgraph edge endpoint normalization[2m > [22mcenters the full Helio-like card bounding box within the expanded viewbox instead of concentrating it lower-right
 [32mÔ£ô[39m src/components/AssetGraph.test.tsx[2m > [22mgraph edge endpoint normalization[2m > [22mkeeps a readable horizontal gap between the focus card and side-lane cards
 [32mÔ£ô[39m src/components/AssetGraph.test.tsx[2m > [22mgraph edge endpoint normalization[2m > [22mkeeps a larger Helio-like connector corridor between the focus card and side-lane cards
 [32mÔ£ô[39m src/components/AssetGraph.test.tsx[2m > [22mgraph edge endpoint normalization[2m > [22mkeeps a larger vertical corridor between the focus card and neutral bottom-lane cards
 [32mÔ£ô[39m src/components/AssetGraph.test.tsx[2m > [22mgraph edge endpoint normalization[2m > [22mkeeps enough vertical gap between stacked side-lane cards for connector labels
 [32mÔ£ô[39m src/components/AssetGraph.test.tsx[2m > [22mgraph edge endpoint normalization[2m > [22mplaces direct dependency edge labels outside card bounds and shifted into connector corridors
 [32mÔ£ô[39m src/components/AssetGraph.test.tsx[2m > [22mgraph edge endpoint normalization[2m > [22msuppresses unsafe neutral labels and keeps focus-relation labels outside node card bounds
 [32mÔ£ô[39m src/components/AssetGraph.test.tsx[2m > [22mgraph edge endpoint normalization[2m > [22mplaces Helio-like dependency/direct relation groups on distinct sides and lanes around the focus asset
 [32mÔ£ô[39m src/components/AssetGraph.test.tsx[2m > [22mgraph edge endpoint normalization[2m > [22mcomputes shortest graph distances from the focus asset for visible multi-depth layout metadata
 [32mÔ£ô[39m src/components/AssetGraph.test.tsx[2m > [22mgraph edge endpoint normalization[2m > [22mmirrors dependencies left and dependent assets right while preserving each branch rank
 [32mÔ£ô[39m src/components/AssetGraph.test.tsx[2m > [22mgraph edge endpoint normalization[2m > [22mplaces Helio Information 05 between the focus asset and Employee Onboarding on a multi-depth branch
 [32mÔ£ô[39m src/components/AssetGraph.test.tsx[2m > [22mgraph edge endpoint normalization[2m > [22mpushes second-hop Identity and Access Management farther outward than its direct Helio Information parent
 [32mÔ£ô[39m src/components/AssetGraph.test.tsx[2m > [22mgraph edge endpoint normalization[2m > [22muses parent-aware rank columns for a mixed Helio branch instead of placing indirect nodes in the focus rank
 [32mÔ£ô[39m src/components/AssetGraph.test.tsx[2m > [22mgraph edge endpoint normalization[2m > [22mplaces a direct downstream dependency between the focus card and its level-2 descendant
 [32mÔ£ô[39m src/components/AssetGraph.test.tsx[2m > [22mgraph edge endpoint normalization[2m > [22mkeeps level-2 nodes farther than level-1 nodes from the focus and avoids card overlap
 [32mÔ£ô[39m src/components/AssetGraph.test.tsx[2m > [22mgraph edge endpoint normalization[2m > [22mkeeps an explicit readable corridor between every consecutive hierarchy rank
 [32mÔ£ô[39m src/components/AssetGraph.test.tsx[2m > [22mgraph edge endpoint normalization[2m > [22mkeeps variable-width card layout non-overlapping across side lanes and the neutral bottom band
 [32mÔ£ô[39m src/components/AssetGraph.test.tsx[2m > [22mgraph edge endpoint normalization[2m > [22mkeeps variable-width multi-rank hierarchy cards non-overlapping while preserving outward ranks
 [32mÔ£ô[39m src/components/AssetGraph.test.tsx[2m > [22mgraph edge endpoint normalization[2m > [22mroutes connectors through side and lane-aware ports for left, right, and bottom focus relations
 [32mÔ£ô[39m src/components/AssetGraph.test.tsx[2m > [22mgraph edge endpoint normalization[2m > [22mroutes side-entering connectors with a non-vertical final tangent and endpoint clearance
 [32mÔ£ô[39m src/components/AssetGraph.test.tsx[2m > [22mAssetGraph isolated focus asset rendering[2m > [22mrenders the selected asset visibly inside the graph viewport for the modal API-mode path
 [32mÔ£ô[39m src/components/AssetGraph.test.tsx[2m > [22mAssetGraph isolated focus asset rendering[2m > [22mkeeps the selected asset name in DOM even when drawable edges suppress the isolated fallback
 [32mÔ£ô[39m src/components/AssetGraph.test.tsx[2m > [22mAssetGraph isolated focus asset rendering[2m > [22mdoes not treat the focus asset as isolated when graph edges also contain display labels
 [32mÔ£ô[39m src/components/AssetGraph.test.tsx[2m > [22mAssetGraph isolated focus asset rendering[2m > [22mrenders dependency names and connectors in the graph viewport instead of relying on the dependency overlay list
 [32mÔ£ô[39m src/components/AssetGraph.test.tsx[2m > [22mAssetGraph isolated focus asset rendering[2m > [22mrenders the focus asset once in the visual graph instead of duplicating it as a top-left overlay card
 [32mÔ£ô[39m src/components/AssetGraph.test.tsx[2m > [22mAssetGraph isolated focus asset rendering[2m > [22mrenders a neutral relation legend item for grey non-focus relation lines
 [32mÔ£ô[39m src/components/AssetGraph.test.tsx[2m > [22mAssetGraph isolated focus asset rendering[2m > [22muses the localized reset label key instead of rendering a raw hard-coded label
 [32mÔ£ô[39m src/components/AssetGraph.test.tsx[2m > [22mAssetGraph isolated focus asset rendering[2m > [22muses localized filter label keys for graph controls including criticality thresholds
 [32mÔ£ô[39m src/components/AssetGraph.test.tsx[2m > [22mAssetGraph isolated focus asset rendering[2m > [22mdefines localized minimum-severity criticality labels in English and German locales
 [32mÔ£ô[39m src/components/AssetGraph.test.tsx[2m > [22mAssetGraph isolated focus asset rendering[2m > [22muses dependency-oriented direction labels in English and German locales
 [32mÔ£ô[39m src/components/AssetGraph.test.tsx[2m > [22mAssetGraph isolated focus asset rendering[2m > [22mconfigures small relation-colored SVG arrow markers to auto-orient at connector endpoints
 [32mÔ£ô[39m src/components/AssetGraph.test.tsx[2m > [22mAssetGraph selected asset details panel[2m > [22mderives richer selected asset information from available graph node payload fields
 [32mÔ£ô[39m src/components/AssetGraph.test.tsx[2m > [22mAssetGraph selected asset details panel[2m > [22mderives metadata fields from selected graph node metadata objects
 [32mÔ£ô[39m src/components/AssetGraph.test.tsx[2m > [22mAssetGraph selected asset details panel[2m > [22mderives incoming, outgoing, and neutral selected asset connection sections from graph edges
 [32mÔ£ô[39m src/components/AssetGraph.test.tsx[2m > [22mAssetGraph selected asset details panel[2m > [22mreturns empty selected asset connection sections when no direct graph edges exist
 [32mÔ£ô[39m src/components/AssetGraph.test.tsx[2m > [22mAssetGraph selected asset details panel[2m > [22mrenders expanded selected details panel markup with asset fields and connection headings when selected server-side
 [31m├ù[39m src/hooks/useDirtyForm.test.ts[2m > [22museDirtyForm initial state[2m > [22mstarts with isDirty=false and values equal to initialValues
[31m   ÔåÆ document is not defined[39m
 [31m├ù[39m src/hooks/useDirtyForm.test.ts[2m > [22mhandleChange[2m > [22msets isDirty=true when a field changes
[31m   ÔåÆ document is not defined[39m
 [31m├ù[39m src/hooks/useDirtyForm.test.ts[2m > [22mhandleChange[2m > [22mdoes NOT set isDirty when the new value is structurally equal to snapshot
[31m   ÔåÆ document is not defined[39m
 [31m├ù[39m src/hooks/useDirtyForm.test.ts[2m > [22mhandleChange[2m > [22mhandles nested object changes
[31m   ÔåÆ document is not defined[39m
 [31m├ù[39m src/hooks/useDirtyForm.test.ts[2m > [22mhandleChange[2m > [22mhandles array changes
[31m   ÔåÆ document is not defined[39m
 [31m├ù[39m src/hooks/useDirtyForm.test.ts[2m > [22msetFormValues[2m > [22mupdates values, snapshot, and clears isDirty
[31m   ÔåÆ document is not defined[39m
 [31m├ù[39m src/hooks/useDirtyForm.test.ts[2m > [22mresetForm[2m > [22mrestores values to original snapshot and clears isDirty
[31m   ÔåÆ document is not defined[39m
 [31m├ù[39m src/hooks/useDirtyForm.test.ts[2m > [22mresetForm[2m > [22mrestores to the original initialValues even after multiple changes
[31m   ÔåÆ document is not defined[39m
 [31m├ù[39m src/hooks/useDirtyForm.test.ts[2m > [22msetValues[2m > [22mtriggers dirty detection for structural changes
[31m   ÔåÆ document is not defined[39m
 [31m├ù[39m src/hooks/useDirtyForm.test.ts[2m > [22msetValues[2m > [22mdoes NOT trigger dirty for structurally equal setValues
[31m   ÔåÆ document is not defined[39m
 [31m├ù[39m src/hooks/useDirtyForm.test.ts[2m > [22mdeepEqual edge cases[2m > [22mtreats Date objects as equal when their time values match
[31m   ÔåÆ document is not defined[39m
 [31m├ù[39m src/hooks/useDirtyForm.test.ts[2m > [22mdeepEqual edge cases[2m > [22mhandles mixed array types correctly
[31m   ÔåÆ document is not defined[39m
 [31m├ù[39m src/hooks/useDirtyForm.test.ts[2m > [22museDirtyForm + Modal integration pattern[2m > [22msimulates a full edit-save-exit cycle
[31m   ÔåÆ document is not defined[39m
 [31m├ù[39m src/components/DiscardConfirmationDialog.test.tsx[2m > [22mDiscardConfirmationDialog[2m > [22mrenders when open=true
[31m   ÔåÆ document is not defined[39m
 [31m├ù[39m src/components/DiscardConfirmationDialog.test.tsx[2m > [22mDiscardConfirmationDialog[2m > [22mdoes not render when open=false
[31m   ÔåÆ document is not defined[39m
 [31m├ù[39m src/components/DiscardConfirmationDialog.test.tsx[2m > [22mDiscardConfirmationDialog[2m > [22mcalls onClose when Cancel button is clicked
[31m   ÔåÆ document is not defined[39m
 [31m├ù[39m src/components/DiscardConfirmationDialog.test.tsx[2m > [22mDiscardConfirmationDialog[2m > [22mcalls onDiscard when Discard button is clicked
[31m   ÔåÆ document is not defined[39m
 [31m├ù[39m src/components/DiscardConfirmationDialog.test.tsx[2m > [22mDiscardConfirmationDialog[2m > [22muses custom titleKey and messageKey
[31m   ÔåÆ document is not defined[39m
 [31m├ù[39m src/components/DiscardConfirmationDialog.test.tsx[2m > [22mDiscardConfirmationDialog[2m > [22mcalls onClose when backdrop is clicked (MUI Dialog default behavior)
[31m   ÔåÆ document is not defined[39m
 [32mÔ£ô[39m src/pages/Dashboard.test.tsx[2m > [22mpaginatedTotal reads totals from paginated backend responses
 [32mÔ£ô[39m src/pages/Dashboard.test.tsx[2m > [22mpaginatedTotal falls back to returned row count for non-paginated responses
 [32mÔ£ô[39m src/pages/Dashboard.test.tsx[2m > [22mrisk status drill-down filter treats open as non-terminal risk statuses
 [32mÔ£ô[39m src/pages/Dashboard.test.tsx[2m > [22mincident status drill-down filter treats open as active incident statuses

ÔÄ»ÔÄ»ÔÄ»ÔÄ»ÔÄ»ÔÄ» Failed Suites 2 ÔÄ»ÔÄ»ÔÄ»ÔÄ»ÔÄ»ÔÄ»ÔÄ»

 FAIL  src/components/EditPage.integration.test.tsx [ src/components/EditPage.integration.test.tsx ]
Error: Transform failed with 1 error:
C:/Users/jan/Documents/Visual Studio Code/Asset Management/frontend/src/components/EditPage.integration.test.tsx:38:0: ERROR: Unexpected "}"
 ÔØ» failureErrorWithLog ../node_modules/vite/node_modules/esbuild/lib/main.js:1472:15
 ÔØ» ../node_modules/vite/node_modules/esbuild/lib/main.js:755:50
 ÔØ» responseCallbacks.<computed> ../node_modules/vite/node_modules/esbuild/lib/main.js:622:9
 ÔØ» handleIncomingPacket ../node_modules/vite/node_modules/esbuild/lib/main.js:677:12
 ÔØ» Socket.readFromStdout ../node_modules/vite/node_modules/esbuild/lib/main.js:600:7
 ÔØ» Socket.emit node:events:508:28

ÔÄ»ÔÄ»ÔÄ»ÔÄ»ÔÄ»ÔÄ»ÔÄ»ÔÄ»ÔÄ»ÔÄ»ÔÄ»ÔÄ»ÔÄ»ÔÄ»ÔÄ»ÔÄ»ÔÄ»ÔÄ»ÔÄ»ÔÄ»ÔÄ»ÔÄ»ÔÄ»[1/21]ÔÄ»

 FAIL  src/components/Modal.guard.test.tsx [ src/components/Modal.guard.test.tsx ]
ReferenceError: document is not defined
 ÔØ» src/components/Modal.guard.test.tsx:28:20
     26| // --- Helpers ---
     27| const TEST_TITLE = 'Test Modal';
     28| const MOUNT_NODE = document.body;
       |                    ^
     29| 
     30| function renderModal(props: Partial<React.ComponentProps<typeof Modal>ÔÇª

ÔÄ»ÔÄ»ÔÄ»ÔÄ»ÔÄ»ÔÄ»ÔÄ»ÔÄ»ÔÄ»ÔÄ»ÔÄ»ÔÄ»ÔÄ»ÔÄ»ÔÄ»ÔÄ»ÔÄ»ÔÄ»ÔÄ»ÔÄ»ÔÄ»ÔÄ»ÔÄ»[2/21]ÔÄ»

ÔÄ»ÔÄ»ÔÄ»ÔÄ»ÔÄ»ÔÄ» Failed Tests 19 ÔÄ»ÔÄ»ÔÄ»ÔÄ»ÔÄ»ÔÄ»ÔÄ»

 FAIL  src/hooks/useDirtyForm.test.ts > useDirtyForm initial state > starts with isDirty=false and values equal to initialValues
ReferenceError: document is not defined
 ÔØ» render ../node_modules/@testing-library/react/dist/pure.js:256:5
 ÔØ» Proxy.renderHook ../node_modules/@testing-library/react/dist/pure.js:339:7
 ÔØ» renderDirtyForm src/hooks/useDirtyForm.test.ts:21:10
     19| // --- Helper ---
     20| function renderDirtyForm(initialValues: Record<string, unknown>) {
     21|   return renderHook(() => useDirtyForm(initialValues));
       |          ^
     22| }
     23| 
 ÔØ» src/hooks/useDirtyForm.test.ts:28:24

ÔÄ»ÔÄ»ÔÄ»ÔÄ»ÔÄ»ÔÄ»ÔÄ»ÔÄ»ÔÄ»ÔÄ»ÔÄ»ÔÄ»ÔÄ»ÔÄ»ÔÄ»ÔÄ»ÔÄ»ÔÄ»ÔÄ»ÔÄ»ÔÄ»ÔÄ»ÔÄ»[3/21]ÔÄ»

 FAIL  src/hooks/useDirtyForm.test.ts > handleChange > sets isDirty=true when a field changes
ReferenceError: document is not defined
 ÔØ» render ../node_modules/@testing-library/react/dist/pure.js:256:5
 ÔØ» Proxy.renderHook ../node_modules/@testing-library/react/dist/pure.js:339:7
 ÔØ» renderDirtyForm src/hooks/useDirtyForm.test.ts:21:10
     19| // --- Helper ---
     20| function renderDirtyForm(initialValues: Record<string, unknown>) {
     21|   return renderHook(() => useDirtyForm(initialValues));
       |          ^
     22| }
     23| 
 ÔØ» src/hooks/useDirtyForm.test.ts:39:24

ÔÄ»ÔÄ»ÔÄ»ÔÄ»ÔÄ»ÔÄ»ÔÄ»ÔÄ»ÔÄ»ÔÄ»ÔÄ»ÔÄ»ÔÄ»ÔÄ»ÔÄ»ÔÄ»ÔÄ»ÔÄ»ÔÄ»ÔÄ»ÔÄ»ÔÄ»ÔÄ»[4/21]ÔÄ»

 FAIL  src/hooks/useDirtyForm.test.ts > handleChange > does NOT set isDirty when the new value is structurally equal to snapshot
ReferenceError: document is not defined
 ÔØ» render ../node_modules/@testing-library/react/dist/pure.js:256:5
 ÔØ» Proxy.renderHook ../node_modules/@testing-library/react/dist/pure.js:339:7
 ÔØ» renderDirtyForm src/hooks/useDirtyForm.test.ts:21:10
     19| // --- Helper ---
     20| function renderDirtyForm(initialValues: Record<string, unknown>) {
     21|   return renderHook(() => useDirtyForm(initialValues));
       |          ^
     22| }
     23| 
 ÔØ» src/hooks/useDirtyForm.test.ts:48:24

ÔÄ»ÔÄ»ÔÄ»ÔÄ»ÔÄ»ÔÄ»ÔÄ»ÔÄ»ÔÄ»ÔÄ»ÔÄ»ÔÄ»ÔÄ»ÔÄ»ÔÄ»ÔÄ»ÔÄ»ÔÄ»ÔÄ»ÔÄ»ÔÄ»ÔÄ»ÔÄ»[5/21]ÔÄ»

 FAIL  src/hooks/useDirtyForm.test.ts > handleChange > handles nested object changes
ReferenceError: document is not defined
 ÔØ» render ../node_modules/@testing-library/react/dist/pure.js:256:5
 ÔØ» Proxy.renderHook ../node_modules/@testing-library/react/dist/pure.js:339:7
 ÔØ» renderDirtyForm src/hooks/useDirtyForm.test.ts:21:10
     19| // --- Helper ---
     20| function renderDirtyForm(initialValues: Record<string, unknown>) {
     21|   return renderHook(() => useDirtyForm(initialValues));
       |          ^
     22| }
     23| 
 ÔØ» src/hooks/useDirtyForm.test.ts:58:24

ÔÄ»ÔÄ»ÔÄ»ÔÄ»ÔÄ»ÔÄ»ÔÄ»ÔÄ»ÔÄ»ÔÄ»ÔÄ»ÔÄ»ÔÄ»ÔÄ»ÔÄ»ÔÄ»ÔÄ»ÔÄ»ÔÄ»ÔÄ»ÔÄ»ÔÄ»ÔÄ»[6/21]ÔÄ»

 FAIL  src/hooks/useDirtyForm.test.ts > handleChange > handles array changes
ReferenceError: document is not defined
 ÔØ» render ../node_modules/@testing-library/react/dist/pure.js:256:5
 ÔØ» Proxy.renderHook ../node_modules/@testing-library/react/dist/pure.js:339:7
 ÔØ» renderDirtyForm src/hooks/useDirtyForm.test.ts:21:10
     19| // --- Helper ---
     20| function renderDirtyForm(initialValues: Record<string, unknown>) {
     21|   return renderHook(() => useDirtyForm(initialValues));
       |          ^
     22| }
     23| 
 ÔØ» src/hooks/useDirtyForm.test.ts:67:24

ÔÄ»ÔÄ»ÔÄ»ÔÄ»ÔÄ»ÔÄ»ÔÄ»ÔÄ»ÔÄ»ÔÄ»ÔÄ»ÔÄ»ÔÄ»ÔÄ»ÔÄ»ÔÄ»ÔÄ»ÔÄ»ÔÄ»ÔÄ»ÔÄ»ÔÄ»ÔÄ»[7/21]ÔÄ»

 FAIL  src/hooks/useDirtyForm.test.ts > setFormValues > updates values, snapshot, and clears isDirty
ReferenceError: document is not defined
 ÔØ» render ../node_modules/@testing-library/react/dist/pure.js:256:5
 ÔØ» Proxy.renderHook ../node_modules/@testing-library/react/dist/pure.js:339:7
 ÔØ» renderDirtyForm src/hooks/useDirtyForm.test.ts:21:10
     19| // --- Helper ---
     20| function renderDirtyForm(initialValues: Record<string, unknown>) {
     21|   return renderHook(() => useDirtyForm(initialValues));
       |          ^
     22| }
     23| 
 ÔØ» src/hooks/useDirtyForm.test.ts:79:24

ÔÄ»ÔÄ»ÔÄ»ÔÄ»ÔÄ»ÔÄ»ÔÄ»ÔÄ»ÔÄ»ÔÄ»ÔÄ»ÔÄ»ÔÄ»ÔÄ»ÔÄ»ÔÄ»ÔÄ»ÔÄ»ÔÄ»ÔÄ»ÔÄ»ÔÄ»ÔÄ»[8/21]ÔÄ»

 FAIL  src/hooks/useDirtyForm.test.ts > resetForm > restores values to original snapshot and clears isDirty
ReferenceError: document is not defined
 ÔØ» render ../node_modules/@testing-library/react/dist/pure.js:256:5
 ÔØ» Proxy.renderHook ../node_modules/@testing-library/react/dist/pure.js:339:7
 ÔØ» renderDirtyForm src/hooks/useDirtyForm.test.ts:21:10
     19| // --- Helper ---
     20| function renderDirtyForm(initialValues: Record<string, unknown>) {
     21|   return renderHook(() => useDirtyForm(initialValues));
       |          ^
     22| }
     23| 
 ÔØ» src/hooks/useDirtyForm.test.ts:98:24

ÔÄ»ÔÄ»ÔÄ»ÔÄ»ÔÄ»ÔÄ»ÔÄ»ÔÄ»ÔÄ»ÔÄ»ÔÄ»ÔÄ»ÔÄ»ÔÄ»ÔÄ»ÔÄ»ÔÄ»ÔÄ»ÔÄ»ÔÄ»ÔÄ»ÔÄ»ÔÄ»[9/21]ÔÄ»

 FAIL  src/hooks/useDirtyForm.test.ts > resetForm > restores to the original initialValues even after multiple changes
ReferenceError: document is not defined
 ÔØ» render ../node_modules/@testing-library/react/dist/pure.js:256:5
 ÔØ» Proxy.renderHook ../node_modules/@testing-library/react/dist/pure.js:339:7
 ÔØ» renderDirtyForm src/hooks/useDirtyForm.test.ts:21:10
     19| // --- Helper ---
     20| function renderDirtyForm(initialValues: Record<string, unknown>) {
     21|   return renderHook(() => useDirtyForm(initialValues));
       |          ^
     22| }
     23| 
 ÔØ» src/hooks/useDirtyForm.test.ts:112:24

ÔÄ»ÔÄ»ÔÄ»ÔÄ»ÔÄ»ÔÄ»ÔÄ»ÔÄ»ÔÄ»ÔÄ»ÔÄ»ÔÄ»ÔÄ»ÔÄ»ÔÄ»ÔÄ»ÔÄ»ÔÄ»ÔÄ»ÔÄ»ÔÄ»ÔÄ»[10/21]ÔÄ»

 FAIL  src/hooks/useDirtyForm.test.ts > setValues > triggers dirty detection for structural changes
ReferenceError: document is not defined
 ÔØ» render ../node_modules/@testing-library/react/dist/pure.js:256:5
 ÔØ» Proxy.renderHook ../node_modules/@testing-library/react/dist/pure.js:339:7
 ÔØ» renderDirtyForm src/hooks/useDirtyForm.test.ts:21:10
     19| // --- Helper ---
     20| function renderDirtyForm(initialValues: Record<string, unknown>) {
     21|   return renderHook(() => useDirtyForm(initialValues));
       |          ^
     22| }
     23| 
 ÔØ» src/hooks/useDirtyForm.test.ts:131:24

ÔÄ»ÔÄ»ÔÄ»ÔÄ»ÔÄ»ÔÄ»ÔÄ»ÔÄ»ÔÄ»ÔÄ»ÔÄ»ÔÄ»ÔÄ»ÔÄ»ÔÄ»ÔÄ»ÔÄ»ÔÄ»ÔÄ»ÔÄ»ÔÄ»ÔÄ»[11/21]ÔÄ»

 FAIL  src/hooks/useDirtyForm.test.ts > setValues > does NOT trigger dirty for structurally equal setValues
ReferenceError: document is not defined
 ÔØ» render ../node_modules/@testing-library/react/dist/pure.js:256:5
 ÔØ» Proxy.renderHook ../node_modules/@testing-library/react/dist/pure.js:339:7
 ÔØ» renderDirtyForm src/hooks/useDirtyForm.test.ts:21:10
     19| // --- Helper ---
     20| function renderDirtyForm(initialValues: Record<string, unknown>) {
     21|   return renderHook(() => useDirtyForm(initialValues));
       |          ^
     22| }
     23| 
 ÔØ» src/hooks/useDirtyForm.test.ts:139:24

ÔÄ»ÔÄ»ÔÄ»ÔÄ»ÔÄ»ÔÄ»ÔÄ»ÔÄ»ÔÄ»ÔÄ»ÔÄ»ÔÄ»ÔÄ»ÔÄ»ÔÄ»ÔÄ»ÔÄ»ÔÄ»ÔÄ»ÔÄ»ÔÄ»ÔÄ»[12/21]ÔÄ»

 FAIL  src/hooks/useDirtyForm.test.ts > deepEqual edge cases > treats Date objects as equal when their time values match
ReferenceError: document is not defined
 ÔØ» render ../node_modules/@testing-library/react/dist/pure.js:256:5
 ÔØ» Proxy.renderHook ../node_modules/@testing-library/react/dist/pure.js:339:7
 ÔØ» renderDirtyForm src/hooks/useDirtyForm.test.ts:21:10
     19| // --- Helper ---
     20| function renderDirtyForm(initialValues: Record<string, unknown>) {
     21|   return renderHook(() => useDirtyForm(initialValues));
       |          ^
     22| }
     23| 
 ÔØ» src/hooks/useDirtyForm.test.ts:152:24

ÔÄ»ÔÄ»ÔÄ»ÔÄ»ÔÄ»ÔÄ»ÔÄ»ÔÄ»ÔÄ»ÔÄ»ÔÄ»ÔÄ»ÔÄ»ÔÄ»ÔÄ»ÔÄ»ÔÄ»ÔÄ»ÔÄ»ÔÄ»ÔÄ»ÔÄ»[13/21]ÔÄ»

 FAIL  src/hooks/useDirtyForm.test.ts > deepEqual edge cases > handles mixed array types correctly
ReferenceError: document is not defined
 ÔØ» render ../node_modules/@testing-library/react/dist/pure.js:256:5
 ÔØ» Proxy.renderHook ../node_modules/@testing-library/react/dist/pure.js:339:7
 ÔØ» renderDirtyForm src/hooks/useDirtyForm.test.ts:21:10
     19| // --- Helper ---
     20| function renderDirtyForm(initialValues: Record<string, unknown>) {
     21|   return renderHook(() => useDirtyForm(initialValues));
       |          ^
     22| }
     23| 
 ÔØ» src/hooks/useDirtyForm.test.ts:163:24

ÔÄ»ÔÄ»ÔÄ»ÔÄ»ÔÄ»ÔÄ»ÔÄ»ÔÄ»ÔÄ»ÔÄ»ÔÄ»ÔÄ»ÔÄ»ÔÄ»ÔÄ»ÔÄ»ÔÄ»ÔÄ»ÔÄ»ÔÄ»ÔÄ»ÔÄ»[14/21]ÔÄ»

 FAIL  src/hooks/useDirtyForm.test.ts > useDirtyForm + Modal integration pattern > simulates a full edit-save-exit cycle
ReferenceError: document is not defined
 ÔØ» render ../node_modules/@testing-library/react/dist/pure.js:256:5
 ÔØ» Proxy.renderHook ../node_modules/@testing-library/react/dist/pure.js:339:7
 ÔØ» renderDirtyForm src/hooks/useDirtyForm.test.ts:21:10
     19| // --- Helper ---
     20| function renderDirtyForm(initialValues: Record<string, unknown>) {
     21|   return renderHook(() => useDirtyForm(initialValues));
       |          ^
     22| }
     23| 
 ÔØ» src/hooks/useDirtyForm.test.ts:176:24

ÔÄ»ÔÄ»ÔÄ»ÔÄ»ÔÄ»ÔÄ»ÔÄ»ÔÄ»ÔÄ»ÔÄ»ÔÄ»ÔÄ»ÔÄ»ÔÄ»ÔÄ»ÔÄ»ÔÄ»ÔÄ»ÔÄ»ÔÄ»ÔÄ»ÔÄ»[15/21]ÔÄ»

 FAIL  src/components/DiscardConfirmationDialog.test.tsx > DiscardConfirmationDialog > renders when open=true
ReferenceError: document is not defined
 ÔØ» Proxy.render ../node_modules/@testing-library/react/dist/pure.js:256:5
 ÔØ» src/components/DiscardConfirmationDialog.test.tsx:31:5
     29|     const onClose = vi.fn();
     30|     const onDiscard = vi.fn();
     31|     render(
       |     ^
     32|       <DiscardConfirmationDialog
     33|         open={true}

ÔÄ»ÔÄ»ÔÄ»ÔÄ»ÔÄ»ÔÄ»ÔÄ»ÔÄ»ÔÄ»ÔÄ»ÔÄ»ÔÄ»ÔÄ»ÔÄ»ÔÄ»ÔÄ»ÔÄ»ÔÄ»ÔÄ»ÔÄ»ÔÄ»ÔÄ»[16/21]ÔÄ»

 FAIL  src/components/DiscardConfirmationDialog.test.tsx > DiscardConfirmationDialog > does not render when open=false
ReferenceError: document is not defined
 ÔØ» Proxy.render ../node_modules/@testing-library/react/dist/pure.js:256:5
 ÔØ» src/components/DiscardConfirmationDialog.test.tsx:47:27
     45|     const onClose = vi.fn();
     46|     const onDiscard = vi.fn();
     47|     const { container } = render(
       |                           ^
     48|       <DiscardConfirmationDialog
     49|         open={false}

ÔÄ»ÔÄ»ÔÄ»ÔÄ»ÔÄ»ÔÄ»ÔÄ»ÔÄ»ÔÄ»ÔÄ»ÔÄ»ÔÄ»ÔÄ»ÔÄ»ÔÄ»ÔÄ»ÔÄ»ÔÄ»ÔÄ»ÔÄ»ÔÄ»ÔÄ»[17/21]ÔÄ»

 FAIL  src/components/DiscardConfirmationDialog.test.tsx > DiscardConfirmationDialog > calls onClose when Cancel button is clicked
ReferenceError: document is not defined
 ÔØ» Proxy.render ../node_modules/@testing-library/react/dist/pure.js:256:5
 ÔØ» src/components/DiscardConfirmationDialog.test.tsx:63:5
     61|     const onClose = vi.fn();
     62|     const onDiscard = vi.fn();
     63|     render(
       |     ^
     64|       <DiscardConfirmationDialog
     65|         open={true}

ÔÄ»ÔÄ»ÔÄ»ÔÄ»ÔÄ»ÔÄ»ÔÄ»ÔÄ»ÔÄ»ÔÄ»ÔÄ»ÔÄ»ÔÄ»ÔÄ»ÔÄ»ÔÄ»ÔÄ»ÔÄ»ÔÄ»ÔÄ»ÔÄ»ÔÄ»[18/21]ÔÄ»

 FAIL  src/components/DiscardConfirmationDialog.test.tsx > DiscardConfirmationDialog > calls onDiscard when Discard button is clicked
ReferenceError: document is not defined
 ÔØ» Proxy.render ../node_modules/@testing-library/react/dist/pure.js:256:5
 ÔØ» src/components/DiscardConfirmationDialog.test.tsx:81:5
     79|     const onClose = vi.fn();
     80|     const onDiscard = vi.fn();
     81|     render(
       |     ^
     82|       <DiscardConfirmationDialog
     83|         open={true}

ÔÄ»ÔÄ»ÔÄ»ÔÄ»ÔÄ»ÔÄ»ÔÄ»ÔÄ»ÔÄ»ÔÄ»ÔÄ»ÔÄ»ÔÄ»ÔÄ»ÔÄ»ÔÄ»ÔÄ»ÔÄ»ÔÄ»ÔÄ»ÔÄ»ÔÄ»[19/21]ÔÄ»

 FAIL  src/components/DiscardConfirmationDialog.test.tsx > DiscardConfirmationDialog > uses custom titleKey and messageKey
ReferenceError: document is not defined
 ÔØ» Proxy.render ../node_modules/@testing-library/react/dist/pure.js:256:5
 ÔØ» src/components/DiscardConfirmationDialog.test.tsx:99:5
     97|     const onClose = vi.fn();
     98|     const onDiscard = vi.fn();
     99|     render(
       |     ^
    100|       <DiscardConfirmationDialog
    101|         open={true}

ÔÄ»ÔÄ»ÔÄ»ÔÄ»ÔÄ»ÔÄ»ÔÄ»ÔÄ»ÔÄ»ÔÄ»ÔÄ»ÔÄ»ÔÄ»ÔÄ»ÔÄ»ÔÄ»ÔÄ»ÔÄ»ÔÄ»ÔÄ»ÔÄ»ÔÄ»[20/21]ÔÄ»

 FAIL  src/components/DiscardConfirmationDialog.test.tsx > DiscardConfirmationDialog > calls onClose when backdrop is clicked (MUI Dialog default behavior)
ReferenceError: document is not defined
 ÔØ» Proxy.render ../node_modules/@testing-library/react/dist/pure.js:256:5
 ÔØ» src/components/DiscardConfirmationDialog.test.tsx:115:27
    113|     const onClose = vi.fn();
    114|     const onDiscard = vi.fn();
    115|     const { container } = render(
       |                           ^
    116|       <DiscardConfirmationDialog
    117|         open={true}

ÔÄ»ÔÄ»ÔÄ»ÔÄ»ÔÄ»ÔÄ»ÔÄ»ÔÄ»ÔÄ»ÔÄ»ÔÄ»ÔÄ»ÔÄ»ÔÄ»ÔÄ»ÔÄ»ÔÄ»ÔÄ»ÔÄ»ÔÄ»ÔÄ»ÔÄ»[21/21]ÔÄ»

[2m Test Files [22m [1m[31m4 failed[39m[22m[2m | [22m[1m[32m15 passed[39m[22m[90m (19)[39m
[2m      Tests [22m [1m[31m19 failed[39m[22m[2m | [22m[1m[32m138 passed[39m[22m[90m (157)[39m
[2m   Start at [22m 16:54:19
[2m   Duration [22m 9.64s[2m (transform 1.11s, setup 1ms, collect 23.46s, tests 478ms, environment 2ms, prepare 12.73s)[22m

